≡ƒÜÇ Starting MVP Runtime Verification
Testing PARENT flow...
Testing TEACHER flow...
Testing ADMIN flow...
Γ£à Evidence saved to mvp-evidence.json
